SAMF automático ativo. Aguardando PDFs...
EBCT - SEDEX E CARTA - 05 - MAIO -SRT.pdf: revisao -> C:\code\SAMF-HUB-v1.1\Revisao\EBCT - SEDEX E CARTA - 05 - MAIO -SRT.pdf
ELEVADORES MILÊNIO - 04 - ABRIL - RATEIO.pdf: erro -> C:\code\SAMF-HUB-v1.1\Erro\ELEVADORES MILÊNIO - 04 - ABRIL - RATEIO.pdf
ESCELSA - 01 - JANEIRO - ALEGRE.pdf: exclusiva -> C:\code\SAMF-HUB-v1.1\Exclusivas\ESCELSA - 01 - JANEIRO - ALEGRE.pdf
ESCELSA - 01 - JANEIRO - ARACRUZ.pdf: exclusiva -> C:\code\SAMF-HUB-v1.1\Exclusivas\ESCELSA - 01 - JANEIRO - ARACRUZ.pdf
ESCELSA - 01 - JANEIRO - ED.SEDE.pdf: exclusiva -> C:\code\SAMF-HUB-v1.1\Exclusivas\ESCELSA - 01 - JANEIRO - ED.SEDE.pdf
ESCELSA - 01 - JANEIRO - SÃO MATEUS.pdf: exclusiva -> C:\code\SAMF-HUB-v1.1\Exclusivas\ESCELSA - 01 - JANEIRO - SÃO MATEUS.pdf
ESCELSA - 02 - FEVEREIRO - ALEGRE.pdf: exclusiva -> C:\code\SAMF-HUB-v1.1\Exclusivas\ESCELSA - 02 - FEVEREIRO - ALEGRE.pdf
ESCELSA - 02 - FEVEREIRO - CACHOEIRO.pdf: exclusiva -> C:\code\SAMF-HUB-v1.1\Exclusivas\ESCELSA - 02 - FEVEREIRO - CACHOEIRO.pdf
ESCELSA - 02 - FEVEREIRO - GUARAPARI.pdf: exclusiva -> C:\code\SAMF-HUB-v1.1\Exclusivas\ESCELSA - 02 - FEVEREIRO - GUARAPARI.pdf
ESCELSA - 02 - FEVEREIRO - VILA VELHA.pdf: exclusiva -> C:\code\SAMF-HUB-v1.1\Exclusivas\ESCELSA - 02 - FEVEREIRO - VILA VELHA.pdf
ESCELSA - 03 - MARÇO - ANEXO VILA RUBIM.pdf: exclusiva -> C:\code\SAMF-HUB-v1.1\Exclusivas\ESCELSA - 03 - MARÇO - ANEXO VILA RUBIM.pdf
ESCELSA - 03 - MARÇO - ED.JERÔNIMO MONTEIRO.pdf: exclusiva -> C:\code\SAMF-HUB-v1.1\Exclusivas\ESCELSA - 03 - MARÇO - ED.JERÔNIMO MONTEIRO.pdf
ESCELSA - 03 - MARÇO - ESTACIONAMENTO.pdf: exclusiva -> C:\code\SAMF-HUB-v1.1\Exclusivas\ESCELSA - 03 - MARÇO - ESTACIONAMENTO.pdf
ESCELSA - 03 - MARÇO - NOVA VENECIA.pdf: exclusiva -> C:\code\SAMF-HUB-v1.1\Exclusivas\ESCELSA - 03 - MARÇO - NOVA VENECIA.pdf
ESCELSA - 03 - MARÇO - VITÓRIA.pdf: exclusiva -> C:\code\SAMF-HUB-v1.1\Exclusivas\ESCELSA - 03 - MARÇO - VITÓRIA.pdf
ESCELSA - 04 - ABRIL - CACHOEIRO.pdf: exclusiva -> C:\code\SAMF-HUB-v1.1\Exclusivas\ESCELSA - 04 - ABRIL - CACHOEIRO.pdf
ESCELSA - 04 - ABRIL - ESTACIONAMENTO.pdf: exclusiva -> C:\code\SAMF-HUB-v1.1\Exclusivas\ESCELSA - 04 - ABRIL - ESTACIONAMENTO.pdf
ESCELSA - 04 - ABRIL - NOVA VENECIA.pdf: exclusiva -> C:\code\SAMF-HUB-v1.1\Exclusivas\ESCELSA - 04 - ABRIL - NOVA VENECIA.pdf
ESCELSA - 04 - ABRIL - VITÓRIA.pdf: exclusiva -> C:\code\SAMF-HUB-v1.1\Exclusivas\ESCELSA - 04 - ABRIL - VITÓRIA.pdf
ESCELSA - 05 - MAIO - ARACRUZ.pdf: exclusiva -> C:\code\SAMF-HUB-v1.1\Exclusivas\ESCELSA - 05 - MAIO - ARACRUZ.pdf
ESCELSA - 05 - MAIO - ED.SEDE.pdf: exclusiva -> C:\code\SAMF-HUB-v1.1\Exclusivas\ESCELSA - 05 - MAIO - ED.SEDE.pdf
ESCELSA - 05 - MAIO - LINHARES.pdf: exclusiva -> C:\code\SAMF-HUB-v1.1\Exclusivas\ESCELSA - 05 - MAIO - LINHARES.pdf
ESCELSA - 05 - MAIO - VILA VELHA.pdf: exclusiva -> C:\code\SAMF-HUB-v1.1\Exclusivas\ESCELSA - 05 - MAIO - VILA VELHA.pdf
ESCELSA - 06 - JUNHO - ARACRUZ.pdf: exclusiva -> C:\code\SAMF-HUB-v1.1\Exclusivas\ESCELSA - 06 - JUNHO - ARACRUZ.pdf
ESCELSA - 06 - JUNHO - ED.JERONIMO MONTEIRO.pdf: exclusiva -> C:\code\SAMF-HUB-v1.1\Exclusivas\ESCELSA - 06 - JUNHO - ED.JERONIMO MONTEIRO.pdf
ESCELSA - 06 - JUNHO - LINHARES.pdf: exclusiva -> C:\code\SAMF-HUB-v1.1\Exclusivas\ESCELSA - 06 - JUNHO - LINHARES.pdf
ESCELSA - 06 - JUNHO - VITÓRIA.pdf: exclusiva -> C:\code\SAMF-HUB-v1.1\Exclusivas\ESCELSA - 06 - JUNHO - VITÓRIA.pdf
FATURA ALLGED -  05  - MAIO - RATEIO.pdf: exclusiva -> C:\code\SAMF-HUB-v1.1\Exclusivas\FATURA ALLGED -  05  - MAIO - RATEIO.pdf
HALF - 03 - MARÇO - RATEIO.pdf: compartilhada -> C:\code\SAMF-HUB-v1.1\Compartilhadas\HALF - 03 - MARÇO - RATEIO.pdf
HALF - 06 - JUNHO - RATEIO.pdf: exclusiva -> C:\code\SAMF-HUB-v1.1\Exclusivas\HALF - 06 - JUNHO - RATEIO.pdf
MAXIMA - 04 - ABRIL - SRT.pdf: exclusiva -> C:\code\SAMF-HUB-v1.1\Exclusivas\MAXIMA - 04 - ABRIL - SRT.pdf
MAXIMA - 05 - MAIO - CGU.pdf: exclusiva -> C:\code\SAMF-HUB-v1.1\Exclusivas\MAXIMA - 05 - MAIO - CGU.pdf
MAXIMA - 05 - MAIO - DRF.pdf: exclusiva -> C:\code\SAMF-HUB-v1.1\Exclusivas\MAXIMA - 05 - MAIO - DRF.pdf
MAXIMA - 05 - MAIO - PFN.pdf: exclusiva -> C:\code\SAMF-HUB-v1.1\Exclusivas\MAXIMA - 05 - MAIO - PFN.pdf
MAXIMA - 05 - MAIO - SRA.pdf: exclusiva -> C:\code\SAMF-HUB-v1.1\Exclusivas\MAXIMA - 05 - MAIO - SRA.pdf
MAXIMA - 05 - MAIO - TODAS.pdf: compartilhada -> C:\code\SAMF-HUB-v1.1\Compartilhadas\MAXIMA - 05 - MAIO - TODAS.pdf
MAXIMA - 06 - JUNHO - VILA VELHA.pdf: exclusiva -> C:\code\SAMF-HUB-v1.1\Exclusivas\MAXIMA - 06 - JUNHO - VILA VELHA.pdf
PGE - 01 - JANEIRO - TODAS_1.pdf: duplicado -> C:\code\SAMF-HUB-v1.1\Duplicados\PGE - 01 - JANEIRO - TODAS_1.pdf
PGE - 02 - FEVEREIRO - TODAS.pdf: compartilhada -> C:\code\SAMF-HUB-v1.1\Compartilhadas\PGE - 02 - FEVEREIRO - TODAS.pdf
PGE - 06 - JUNHO - TODAS.pdf: compartilhada -> C:\code\SAMF-HUB-v1.1\Compartilhadas\PGE - 06 - JUNHO - TODAS.pdf
PREVIEW - 01 - JANEIRO - RATEIO.pdf: compartilhada -> C:\code\SAMF-HUB-v1.1\Compartilhadas\PREVIEW - 01 - JANEIRO - RATEIO.pdf
PREVIEW - 02 - FEVEREIRO - RATEIO.pdf: exclusiva -> C:\code\SAMF-HUB-v1.1\Exclusivas\PREVIEW - 02 - FEVEREIRO - RATEIO.pdf
SEI - 01 - JANEIRO -  FUNDACENTRO.pdf: compartilhada -> C:\code\SAMF-HUB-v1.1\Compartilhadas\SEI - 01 - JANEIRO -  FUNDACENTRO.pdf
SEI - 01 - JANEIRO -  GUARAPARI.pdf: compartilhada -> C:\code\SAMF-HUB-v1.1\Compartilhadas\SEI - 01 - JANEIRO -  GUARAPARI.pdf
SEI - 01 - JANEIRO -  PFN.pdf: exclusiva -> C:\code\SAMF-HUB-v1.1\Exclusivas\SEI - 01 - JANEIRO -  PFN.pdf
SEI - 01 - JANEIRO -  SRA.pdf: exclusiva -> C:\code\SAMF-HUB-v1.1\Exclusivas\SEI - 01 - JANEIRO -  SRA.pdf
SEI - 01 - JANEIRO -  TODOS.pdf: exclusiva -> C:\code\SAMF-HUB-v1.1\Exclusivas\SEI - 01 - JANEIRO -  TODOS.pdf
SEI - 02 - FEVEIREIRO -  AGU.pdf: exclusiva -> C:\code\SAMF-HUB-v1.1\Exclusivas\SEI - 02 - FEVEIREIRO -  AGU.pdf
SEI - 02 - FEVEIREIRO -  CGU.pdf: exclusiva -> C:\code\SAMF-HUB-v1.1\Exclusivas\SEI - 02 - FEVEIREIRO -  CGU.pdf
SEI - 02 - FEVEIREIRO -  FUNDACENTRO.pdf: exclusiva -> C:\code\SAMF-HUB-v1.1\Exclusivas\SEI - 02 - FEVEIREIRO -  FUNDACENTRO.pdf
SEI - 02 - FEVEIREIRO -  IBGE.pdf: compartilhada -> C:\code\SAMF-HUB-v1.1\Compartilhadas\SEI - 02 - FEVEIREIRO -  IBGE.pdf
SEI - 02 - FEVEIREIRO -  PFN.pdf: exclusiva -> C:\code\SAMF-HUB-v1.1\Exclusivas\SEI - 02 - FEVEIREIRO -  PFN.pdf
SEI - 02 - FEVEIREIRO -  SPU.pdf: exclusiva -> C:\code\SAMF-HUB-v1.1\Exclusivas\SEI - 02 - FEVEIREIRO -  SPU.pdf
SEI - 02 - FEVEIREIRO -  TODOS.pdf: exclusiva -> C:\code\SAMF-HUB-v1.1\Exclusivas\SEI - 02 - FEVEIREIRO -  TODOS.pdf
SEI - 03 - MARÇO -  SRT.pdf: exclusiva -> C:\code\SAMF-HUB-v1.1\Exclusivas\SEI - 03 - MARÇO -  SRT.pdf
SEI - 03 - MARÇO -  VILA VELHA.pdf: exclusiva -> C:\code\SAMF-HUB-v1.1\Exclusivas\SEI - 03 - MARÇO -  VILA VELHA.pdf
SEI - 03 - MARÇO -  VITÓRIA.pdf: exclusiva -> C:\code\SAMF-HUB-v1.1\Exclusivas\SEI - 03 - MARÇO -  VITÓRIA.pdf
SEI - 03 - MARÇO - GUARAPARI.pdf: exclusiva -> C:\code\SAMF-HUB-v1.1\Exclusivas\SEI - 03 - MARÇO - GUARAPARI.pdf
SEI - 04 - ABRIL -  ABIN.pdf: exclusiva -> C:\code\SAMF-HUB-v1.1\Exclusivas\SEI - 04 - ABRIL -  ABIN.pdf
SEI - 04 - ABRIL -  AGU.pdf: exclusiva -> C:\code\SAMF-HUB-v1.1\Exclusivas\SEI - 04 - ABRIL -  AGU.pdf
SEI - 04 - ABRIL -  FUNDACENTRO.pdf: exclusiva -> C:\code\SAMF-HUB-v1.1\Exclusivas\SEI - 04 - ABRIL -  FUNDACENTRO.pdf
SEI - 04 - ABRIL -  IBGE.pdf: exclusiva -> C:\code\SAMF-HUB-v1.1\Exclusivas\SEI - 04 - ABRIL -  IBGE.pdf
SEI - 04 - ABRIL -  PFN.pdf: exclusiva -> C:\code\SAMF-HUB-v1.1\Exclusivas\SEI - 04 - ABRIL -  PFN.pdf
SEI - 04 - ABRIL -  SRA.pdf: exclusiva -> C:\code\SAMF-HUB-v1.1\Exclusivas\SEI - 04 - ABRIL -  SRA.pdf
SEI - 04 - ABRIL -  TODAS.pdf: exclusiva -> C:\code\SAMF-HUB-v1.1\Exclusivas\SEI - 04 - ABRIL -  TODAS.pdf
SEI - 05 - MAIO - FUNDACENTRO.pdf: exclusiva -> C:\code\SAMF-HUB-v1.1\Exclusivas\SEI - 05 - MAIO - FUNDACENTRO.pdf
SEI - 05 - MAIO - IBGE.pdf: exclusiva -> C:\code\SAMF-HUB-v1.1\Exclusivas\SEI - 05 - MAIO - IBGE.pdf
SEI - 05 - MAIO - SPU.pdf: exclusiva -> C:\code\SAMF-HUB-v1.1\Exclusivas\SEI - 05 - MAIO - SPU.pdf
SEI - 05 - MAIO - SRA.pdf: exclusiva -> C:\code\SAMF-HUB-v1.1\Exclusivas\SEI - 05 - MAIO - SRA.pdf
SEI - 05 - MAIO - VILA VELHA.pdf: exclusiva -> C:\code\SAMF-HUB-v1.1\Exclusivas\SEI - 05 - MAIO - VILA VELHA.pdf
SEI - 06 - JUNHO - ABIN.pdf: exclusiva -> C:\code\SAMF-HUB-v1.1\Exclusivas\SEI - 06 - JUNHO - ABIN.pdf
SUDESTE - 01 - JANEIRO - AGU.pdf: revisao -> C:\code\SAMF-HUB-v1.1\Revisao\SUDESTE - 01 - JANEIRO - AGU.pdf
SUDESTE - 01 - JANEIRO - CACHOEIRO.pdf: revisao -> C:\code\SAMF-HUB-v1.1\Revisao\SUDESTE - 01 - JANEIRO - CACHOEIRO.pdf
SUDESTE - 02 - FEVEREIRO -  SAO MATEUS.pdf: revisao -> C:\code\SAMF-HUB-v1.1\Revisao\SUDESTE - 02 - FEVEREIRO -  SAO MATEUS.pdf
SUDESTE - 02 - FEVEREIRO - COLATINA.pdf: revisao -> C:\code\SAMF-HUB-v1.1\Revisao\SUDESTE - 02 - FEVEREIRO - COLATINA.pdf
SUDESTE - 02 - FEVEREIRO - VILA VELHA.pdf: revisao -> C:\code\SAMF-HUB-v1.1\Revisao\SUDESTE - 02 - FEVEREIRO - VILA VELHA.pdf
SUDESTE - 02 - FEVEREIRO -LINHARES.pdf: revisao -> C:\code\SAMF-HUB-v1.1\Revisao\SUDESTE - 02 - FEVEREIRO -LINHARES.pdf
SUDESTE - 03 - MARÇO - FUNDACENTRO.pdf: duplicado -> C:\code\SAMF-HUB-v1.1\Duplicados\SUDESTE - 03 - MARÇO - FUNDACENTRO.pdf
SUDESTE - 03 - MARÇO - MARATAIZES.pdf: revisao -> C:\code\SAMF-HUB-v1.1\Revisao\SUDESTE - 03 - MARÇO - MARATAIZES.pdf
SUDESTE - 04 - ABRIL - ARACRUZ.pdf: revisao -> C:\code\SAMF-HUB-v1.1\Revisao\SUDESTE - 04 - ABRIL - ARACRUZ.pdf
SUDESTE - 04 - ABRIL - LINHARES.pdf: revisao -> C:\code\SAMF-HUB-v1.1\Revisao\SUDESTE - 04 - ABRIL - LINHARES.pdf
SUDESTE - 04 - ABRIL - SAO MATEUS.pdf: revisao -> C:\code\SAMF-HUB-v1.1\Revisao\SUDESTE - 04 - ABRIL - SAO MATEUS.pdf
SUDESTE - 04 - ABRIL - VITORIA.pdf: revisao -> C:\code\SAMF-HUB-v1.1\Revisao\SUDESTE - 04 - ABRIL - VITORIA.pdf
SUDESTE - 05 - MAIO - GUARAPARI.pdf: revisao -> C:\code\SAMF-HUB-v1.1\Revisao\SUDESTE - 05 - MAIO - GUARAPARI.pdf
SUDESTE - 06 - JUNHO -  SAO MATEUS.pdf: revisao -> C:\code\SAMF-HUB-v1.1\Revisao\SUDESTE - 06 - JUNHO -  SAO MATEUS.pdf
SUDESTE - 06 - JUNHO - ARACRUZ.pdf: revisao -> C:\code\SAMF-HUB-v1.1\Revisao\SUDESTE - 06 - JUNHO - ARACRUZ.pdf
SUDESTE - 06 - JUNHO - LINHARES.pdf: revisao -> C:\code\SAMF-HUB-v1.1\Revisao\SUDESTE - 06 - JUNHO - LINHARES.pdf
VIVO - 03 -  MARÇO -  FIXO  - SRT.pdf: revisao -> C:\code\SAMF-HUB-v1.1\Revisao\VIVO - 03 -  MARÇO -  FIXO  - SRT.pdf
XP3 - 01 - JANEIRO - RATEIO.pdf: revisao -> C:\code\SAMF-HUB-v1.1\Revisao\XP3 - 01 - JANEIRO - RATEIO.pdf
ESCELSA - 03 - MARÇO - ALEGRE.pdf: duplicado -> C:\code\SAMF-HUB-v1.1\Duplicados\ESCELSA - 03 - MARÇO - ALEGRE.pdf
PREVIEW - 03 - MARÇO - RATEIO.pdf: duplicado -> C:\code\SAMF-HUB-v1.1\Duplicados\PREVIEW - 03 - MARÇO - RATEIO_10.pdf
